../Src/main.c:51:5:main	8	static
../Src/main.c:76:6:idle_task	4	static
../Src/main.c:82:6:task1_handler	8	static
../Src/main.c:95:6:task2_handler	8	static
../Src/main.c:108:6:task3_handler	8	static
../Src/main.c:121:6:task4_handler	8	static
../Src/main.c:137:6:init_systick_timer	32	static
../Src/main.c:160:29:init_scheduler_stack	0	static,ignoring_inline_asm
../Src/main.c:171:6:init_tasks_stack	24	static
../Src/main.c:223:6:enable_processor_faults	16	static
../Src/main.c:233:10:get_psp_value	4	static
../Src/main.c:240:6:save_psp_value	16	static
../Src/main.c:246:6:update_next_task	16	static
../Src/main.c:266:29:switch_sp_to_psp	0	static,ignoring_inline_asm
../Src/main.c:283:6:schedule	16	static
../Src/main.c:294:6:task_delay	16	static,ignoring_inline_asm
../Src/main.c:311:29:PendSV_Handler	0	static,ignoring_inline_asm
../Src/main.c:351:6:update_global_tick_count	4	static
../Src/main.c:356:6:unblock_tasks	16	static
../Src/main.c:373:7:SysTick_Handler	16	static
../Src/main.c:387:6:HardFault_Handler	8	static
../Src/main.c:394:6:MemManage_Handler	8	static
../Src/main.c:400:6:BusFault_Handler	8	static
